// Jest Snapshot v1, https://goo.gl/fbAQLP

exports[`StreamGroup renders with anchors 1`] = `
<Group
  align="center"
  onClick={[Function]}
  px={0}
  py={1}
>
  <Tooltip
    title="Error level: "
  >
    <GroupLevel />
  </Tooltip>
  <GroupCheckbox
    ml={1}
  >
    <GuideAnchor
      target="issues"
      type="text"
    />
    <GroupCheckBox
      id="1337"
    />
  </GroupCheckbox>
  <GroupSummary
    flex="1"
    mx={1}
    w={
      Array [
        0.6666666666666666,
        0.6666666666666666,
        0.5,
      ]
    }
  >
    <EventOrGroupHeader
      data={
        Object {
          "assignedTo": null,
          "id": "1337",
          "project": Object {
            "id": "13",
            "slug": "test",
          },
          "stats": Object {
            "24h": Array [
              Array [
                1517281200,
                2,
              ],
              Array [
                1517310000,
                1,
              ],
            ],
            "30d": Array [
              Array [
                1514764800,
                1,
              ],
              Array [
                1515024000,
                122,
              ],
            ],
          },
          "tags": Array [],
        }
      }
      includeLink={true}
      orgId="orgId"
      projectId="projectId"
    />
    <EventOrGroupExtraDetails
      assignedTo={null}
      group={true}
      groupId="1L"
      id="1337"
      orgId="orgId"
      project={
        Object {
          "id": "13",
          "slug": "test",
        }
      }
      projectId="projectId"
      stats={
        Object {
          "24h": Array [
            Array [
              1517281200,
              2,
            ],
            Array [
              1517310000,
              1,
            ],
          ],
          "30d": Array [
            Array [
              1514764800,
              1,
            ],
            Array [
              1515024000,
              122,
            ],
          ],
        }
      }
      tags={Array []}
    />
  </GroupSummary>
  <Box
    className="hidden-xs"
    mx={2}
    w={130}
  />
  <Box
    className="hidden-xs hidden-sm"
    mx={2}
    w={120}
  >
    <GroupChart
      data={
        Object {
          "assignedTo": null,
          "id": "1337",
          "project": Object {
            "id": "13",
            "slug": "test",
          },
          "stats": Object {
            "24h": Array [
              Array [
                1517281200,
                2,
              ],
              Array [
                1517310000,
                1,
              ],
            ],
            "30d": Array [
              Array [
                1514764800,
                1,
              ],
              Array [
                1515024000,
                122,
              ],
            ],
          },
          "tags": Array [],
        }
      }
      id="1337"
      statsPeriod="24h"
    />
  </Box>
  <Flex
    justify="flex-end"
    mx={2}
    w={50}
  >
    <GuideAnchor
      target="events"
      type="text"
    />
    <count />
  </Flex>
  <Flex
    justify="flex-end"
    mx={2}
    w={50}
  >
    <GuideAnchor
      target="users"
      type="text"
    />
    <count />
  </Flex>
  <Box
    className="hidden-xs hidden-sm"
    mx={2}
    w={50}
  >
    <StyledAssigneeSelector
      id="1337"
    />
  </Box>
</Group>
`;
