// Jest Snapshot v1, https://goo.gl/fbAQLP

exports[`OrganizationIntegrationConfig render() with one integration renders 1`] = `
<<<<<<< HEAD
=======
.glamor-8 {
  font-size: 14px;
  box-shadow: inset 0 -1px 0;
  margin: -20px 0 30px;
}

.glamor-6 {
  box-sizing: border-box;
  display: -webkit-box;
  display: -webkit-flex;
  display: -ms-flexbox;
  display: flex;
  -webkit-align-items: center;
  -webkit-box-align: center;
  -ms-flex-align: center;
  align-items: center;
}

.glamor-2 {
  box-sizing: border-box;
  padding-right: 8px;
}

.glamor-0 {
  position: relative;
  height: 28px;
  width: 28px;
  border-radius: 2px;
  border: 0;
  background-color: #fff;
  display: inline-block;
  background-size: contain;
  background-position: center center;
  background-repeat: no-repeat;
  background-image: url();
}

.glamor-4 {
  font-size: 20px;
  font-weight: bold;
  margin: 20px 0;
  -webkit-flex: 1;
  -ms-flex: 1;
  flex: 1;
}

.glamor-42 {
  background: #fff;
  border: 1px solid;
  margin-bottom: NaNpx;
  position: relative;
}

.glamor-20 {
  font-size: 13px;
  font-weight: 600;
  text-transform: uppercase;
  border-bottom: 1px solid;
  border-radius: 0 0;
  line-height: 1;
  padding-top: 4px;
  padding-right: 4px;
  padding-bottom: 4px;
  padding-left: 10px;
  padding-left: 0px;
  padding-right: 0px;
}

.glamor-17 {
  box-sizing: border-box;
  display: -webkit-box;
  display: -webkit-flex;
  display: -ms-flexbox;
  display: flex;
  -webkit-align-items: center;
  -webkit-box-align: center;
  -ms-flex-align: center;
  align-items: center;
  -webkit-box-pack: justify;
  -webkit-justify-content: space-between;
  -ms-flex-pack: justify;
  justify-content: space-between;
  font-size: 13px;
  font-weight: 600;
  text-transform: uppercase;
  border-bottom: 1px solid;
  border-radius: 0 0;
  line-height: 1;
  padding-top: 4px;
  padding-right: 4px;
  padding-bottom: 4px;
  padding-left: 10px;
  padding-left: 0px;
  padding-right: 0px;
}

.glamor-10 {
  box-sizing: border-box;
  padding-left: 16px;
  padding-right: 16px;
}

.glamor-14 {
  box-sizing: border-box;
  margin-right: 8px;
}

.glamor-38 {
  box-sizing: border-box;
  padding: 0px;
  padding-top: 16px;
  padding-bottom: 16px;
  display: -webkit-box;
  display: -webkit-flex;
  display: -ms-flexbox;
  display: flex;
  border-bottom: 1px solid;
}

.glamor-38:last-child {
  border: 0;
}

.glamor-26 {
  box-sizing: border-box;
  padding-left: 16px;
}

.glamor-24 {
  height: 32px;
  width: 32px;
  border-radius: 3px;
  display: block;
}

.glamor-32 {
  box-sizing: border-box;
  padding-left: 16px;
  padding-right: 16px;
  -webkit-flex: 1;
  -ms-flex: 1;
  flex: 1;
}

.glamor-28 {
  font-size: 1.6rem;
  margin-bottom: 3px;
}

.glamor-30 {
  font-size: 1.4rem;
}

.glamor-36 {
  box-sizing: border-box;
  margin-right: 8px;
  padding-right: 16px;
}

.glamor-48 {
  display: -webkit-box;
  display: -webkit-flex;
  display: -ms-flexbox;
  display: flex;
  -webkit-align-items: center;
  -webkit-box-align: center;
  -ms-flex-align: center;
  align-items: center;
  border: 1px dashed;
  padding: NaNpx;
  margin-bottom: NaNpx;
  border-radius: 0.25em;
  -webkit-transition: 0.2s border-color;
  transition: 0.2s border-color;
}

.glamor-44 {
  -webkit-box-flex: 1;
  -webkit-flex-grow: 1;
  -ms-flex-positive: 1;
  flex-grow: 1;
}

.glamor-46 {
  vertical-align: middle;
}

.glamor-68 {
  box-sizing: border-box;
  display: -webkit-box;
  display: -webkit-flex;
  display: -ms-flexbox;
  display: flex;
  font-size: 1.5rem;
  line-height: 2.1rem;
}

.glamor-60 {
  box-sizing: border-box;
  width: 62.5%;
}

.glamor-56 li {
  margin-bottom: 6px;
}

.glamor-66 {
  box-sizing: border-box;
  margin-left: 60px;
}

.glamor-62 {
  display: block;
  margin-bottom: 6px;
}

>>>>>>> second commit
<OrganizationIntegrationConfig
  params={
    Object {
      "orgId": "org-slug",
      "providerKey": "github",
    }
  }
>
  <SideEffect(DocumentTitle)
    title="GitHub Integration - Sentry"
  >
    <DocumentTitle
      title="GitHub Integration - Sentry"
    >
      <SettingsPageHeading
        icon={
          <PluginIcon
            pluginId="github"
            size={28}
          />
        }
        title="GitHub"
      >
        <Wrapper>
          <div
            className="css-foidy-Wrapper css-17jmgia0"
          >
            <Flex
              align="center"
            >
              <Base
                align="center"
                className="css-5ipae5"
              >
                <div
                  className="css-5ipae5"
                  is={null}
                >
                  <Box
                    pr={1}
                  >
                    <Base
                      className="css-ioegso"
                      pr={1}
                    >
                      <div
                        className="css-ioegso"
                        is={null}
                      >
                        <PluginIcon
                          pluginId="github"
                          size={28}
                        >
                          <IntegrationIcon
                            image={Object {}}
                            size={28}
                          >
                            <div
                              className="css-1g0dosy-IntegrationIcon css-10uim240"
                              size={28}
                            />
                          </IntegrationIcon>
                        </PluginIcon>
                      </div>
                    </Base>
                  </Box>
                  <Title>
                    <div
                      className="css-zmdcxu-Title css-17jmgia1"
                    >
                      GitHub
                    </div>
                  </Title>
                </div>
              </Base>
            </Flex>
          </div>
        </Wrapper>
      </SettingsPageHeading>
      <Panel>
        <StyledPanel>
          <div
            className="css-wfa8ap-StyledPanel css-5bw71w0"
          >
            <PanelHeader
              disablePadding={true}
              hasButtons={true}
            >
              <StyledPanelHeader
                disablePadding={true}
                hasButtons={true}
              >
                <Component
                  className="css-bx554z-StyledPanelHeader css-zott9u0"
                  disablePadding={true}
                  hasButtons={true}
                >
                  <Flex
                    align="center"
                    className="css-bx554z-StyledPanelHeader css-zott9u0"
                    justify="space-between"
                  >
                    <Base
                      align="center"
                      className="css-zott9u0 css-1wxtvvf"
                      justify="space-between"
                    >
                      <div
                        className="css-zott9u0 css-1wxtvvf"
                        is={null}
                      >
                        <Box
                          px={2}
                        >
                          <Base
                            className="css-17pfgr6"
                            px={2}
                          >
                            <div
                              className="css-17pfgr6"
                              is={null}
                            >
                              Workspaces
                            </div>
                          </Base>
                        </Box>
                        <Box
                          mr={1}
                        >
                          <Base
                            className="css-xgysgc"
                            mr={1}
                          >
                            <div
                              className="css-xgysgc"
                              is={null}
                            >
                              <Button
                                disabled={false}
                                onClick={[Function]}
                                size="xsmall"
                              >
                                <button
                                  className="button button-default button-xs"
                                  disabled={false}
                                  onClick={[Function]}
                                  role="button"
                                >
                                  <Flex
                                    align="center"
                                    className="button-label"
                                  >
                                    <Base
                                      align="center"
                                      className="button-label css-5ipae5"
                                    >
                                      <div
                                        className="button-label css-5ipae5"
                                        is={null}
                                      >
                                        <span
                                          className="icon icon-add"
                                        />
                                         
                                        Add Workspace
                                      </div>
                                    </Base>
                                  </Flex>
                                </button>
                              </Button>
                            </div>
                          </Base>
                        </Box>
                      </div>
                    </Base>
                  </Flex>
                </Component>
              </StyledPanelHeader>
            </PanelHeader>
            <PanelBody
              direction="column"
              disablePadding={true}
              flex={false}
            >
              <div
                className=""
              >
                <PanelItem
                  key="1"
                  p={0}
                  py={2}
                >
                  <StyledPanelItem
                    p={0}
                    py={2}
                  >
                    <Base
                      className="css-17iyzx4-StyledPanelItem css-q9h14u0"
                      p={0}
                      py={2}
                    >
                      <div
                        className="css-17iyzx4-StyledPanelItem css-q9h14u0"
                        is={null}
                      >
                        <Box
                          pl={2}
                        >
                          <Base
                            className="css-wwmrss"
                            pl={2}
                          >
                            <div
                              className="css-wwmrss"
                              is={null}
                            >
                              <IntegrationIcon
                                src="http://example.com/integration_icon.png"
                              >
                                <img
                                  className="css-lx37iq-IntegrationIcon css-1iov4vb0"
                                  src="http://example.com/integration_icon.png"
                                />
                              </IntegrationIcon>
                            </div>
                          </Base>
                        </Box>
                        <Box
                          flex={1}
                          px={2}
                        >
                          <Base
                            className="css-pcjga5"
                            flex={1}
                            px={2}
                          >
                            <div
                              className="css-pcjga5"
                              is={null}
                            >
                              <IntegrationName>
                                <div
                                  className="css-1daz7ru-IntegrationName css-1iov4vb1"
                                >
                                  Test Integration
                                </div>
                              </IntegrationName>
                              <DomainName>
                                <div
                                  className="css-1y54ser-DomainName css-1iov4vb2"
                                >
                                  gtithub.com/test-integration
                                </div>
                              </DomainName>
                            </div>
                          </Base>
                        </Box>
                        <Box
                          mr={1}
                          pr={2}
                        >
                          <Base
                            className="css-3n6m02"
                            mr={1}
                            pr={2}
                          >
                            <div
                              className="css-3n6m02"
                              is={null}
                            >
                              <Confirm
                                cancelText="Cancel"
                                confirmText="Confirm"
                                message="Removing this inegration will disable the integration for all projects. Are you sure you want to remove this integration?"
                                onConfirm={[Function]}
                                priority="primary"
                              >
                                <Button
                                  disabled={false}
                                  onClick={[Function]}
                                  size="small"
                                >
                                  <button
                                    className="button button-default button-sm"
                                    disabled={false}
                                    onClick={[Function]}
                                    role="button"
                                  >
                                    <Flex
                                      align="center"
                                      className="button-label"
                                    >
                                      <Base
                                        align="center"
                                        className="button-label css-5ipae5"
                                      >
                                        <div
                                          className="button-label css-5ipae5"
                                          is={null}
                                        >
                                          <span
                                            className="icon icon-trash"
                                            style={
                                              Object {
                                                "margin": 0,
                                              }
                                            }
                                          />
                                        </div>
                                      </Base>
                                    </Flex>
                                  </button>
                                </Button>
                                <Modal
                                  animation={false}
                                  autoFocus={true}
                                  backdrop={true}
                                  bsClass="modal"
                                  dialogComponentClass={[Function]}
                                  enforceFocus={true}
                                  keyboard={true}
                                  manager={
                                    ModalManager {
                                      "add": [Function],
                                      "containers": Array [],
                                      "data": Array [],
                                      "handleContainerOverflow": true,
                                      "hideSiblingNodes": true,
                                      "isTopModal": [Function],
                                      "modals": Array [],
                                      "remove": [Function],
                                    }
                                  }
                                  onHide={[Function]}
                                  renderBackdrop={[Function]}
                                  restoreFocus={true}
                                  show={false}
                                >
                                  <Modal
                                    autoFocus={true}
                                    backdrop={true}
                                    backdropClassName="modal-backdrop"
                                    containerClassName="modal-open"
                                    enforceFocus={true}
                                    keyboard={true}
                                    manager={
                                      ModalManager {
                                        "add": [Function],
                                        "containers": Array [],
                                        "data": Array [],
                                        "handleContainerOverflow": true,
                                        "hideSiblingNodes": true,
                                        "isTopModal": [Function],
                                        "modals": Array [],
                                        "remove": [Function],
                                      }
                                    }
                                    onEntering={[Function]}
                                    onExited={[Function]}
                                    onHide={[Function]}
                                    renderBackdrop={[Function]}
                                    restoreFocus={true}
                                    show={false}
                                  />
                                </Modal>
                              </Confirm>
                            </div>
                          </Base>
                        </Box>
                      </div>
                    </Base>
                  </StyledPanelItem>
                </PanelItem>
              </div>
            </PanelBody>
          </div>
        </StyledPanel>
      </Panel>
      <AlertLink
        to="/url/with/params/org-slug/"
      >
        <Component
          className="css-ryqtzi-AlertLink css-1k2xcw02"
          to="/url/with/params/org-slug/"
        >
          <Link
            className="css-ryqtzi-AlertLink css-1k2xcw02"
            to="/url/with/params/org-slug/"
          >
            <Link
              className="css-ryqtzi-AlertLink css-1k2xcw02"
              onlyActiveOnIndex={false}
              style={Object {}}
              to="/url/with/params/org-slug/"
            >
              <a
                className="css-ryqtzi-AlertLink css-1k2xcw02"
                onClick={[Function]}
                style={Object {}}
              >
                <AlertLinkText>
                  <div
                    className="css-19z7wog-AlertLinkText css-1k2xcw00"
                  >
                    <span
                      dangerouslySetInnerHTML={
                        Object {
                          "__html": "This is a <em>alert link</em> with markdown formatting",
                        }
                      }
                    />
                  </div>
                </AlertLinkText>
                <InlineSvg
                  size="1em"
                  src="icon-chevron-right"
                >
                  <StyledSvg
                    height="1em"
                    viewBox={Object {}}
                    width="1em"
                  >
                    <svg
                      className="css-ryh69w-StyledSvg css-adkcw30"
                      height="1em"
                      viewBox={Object {}}
                      width="1em"
                    >
                      <use
                        href="#test"
                        xlinkHref="#test"
                      />
                    </svg>
                  </StyledSvg>
                </InlineSvg>
              </a>
            </Link>
          </Link>
        </Component>
      </AlertLink>
      <hr />
      <h5>
        GitHub Integration
      </h5>
      <Details>
        <Base
          className="css-16wp28j-Details css-1iov4vb3"
        >
          <div
            className="css-16wp28j-Details css-1iov4vb3"
            is={null}
          >
            <Box
              width={0.625}
            >
              <Base
                className="css-dydpyx"
                width={0.625}
              >
                <div
                  className="css-dydpyx"
                  is={null}
                >
                  <Description
                    dangerouslySetInnerHTML={
                      Object {
                        "__html": "<p><em>markdown</em> formatted <em>description</em></p>
",
                      }
                    }
                  >
                    <div
                      className="css-i2iqfw-Description css-1iov4vb4"
                      dangerouslySetInnerHTML={
                        Object {
                          "__html": "<p><em>markdown</em> formatted <em>description</em></p>
",
                        }
                      }
                    />
                  </Description>
                  <AuthorName>
                    <div
                      className="css-v0poyl-AuthorName css-1iov4vb5"
                    >
                      By Morty
                    </div>
                  </AuthorName>
                </div>
              </Base>
            </Box>
            <Box
              ml={60}
            >
              <Base
                className="css-vgctkd"
                ml={60}
              >
                <div
                  className="css-vgctkd"
                  is={null}
                >
                  <MetadataLink
                    href="http://example.com/integration_issue_url"
                  >
                    <a
                      className="css-5qmaie-MetadataLink css-1iov4vb6"
                      href="http://example.com/integration_issue_url"
                    >
                      Report an Issue
                    </a>
                  </MetadataLink>
                  <MetadataLink
                    href="http://example.com/integration_source_url"
                  >
                    <a
                      className="css-5qmaie-MetadataLink css-1iov4vb6"
                      href="http://example.com/integration_source_url"
                    >
                      View Source
                    </a>
                  </MetadataLink>
                </div>
              </Base>
            </Box>
          </div>
        </Base>
      </Details>
    </DocumentTitle>
  </SideEffect(DocumentTitle)>
</OrganizationIntegrationConfig>
`;

exports[
  `OrganizationIntegrationConfig render() without any integrations Displays an error for an invalid provider key 1`
] = `
<SideEffect(DocumentTitle)
  title="Global Integrations - Sentry"
>
  <LoadingError
    message="Invalid integration provider"
  />
</SideEffect(DocumentTitle)>
`;
