// Jest Snapshot v1, https://goo.gl/fbAQLP

<<<<<<< HEAD
<<<<<<< HEAD
exports['ProjectTeams renders 1'] = `
=======
exports[`ProjectTeams renders 1`] = `
>>>>>>> use spacing functions that add unitless numbers
<SideEffect(DocumentTitle)
  title="Sentry"
>
  <div>
    <SettingsPageHeading
      action={
        <Button
          disabled={false}
          icon="icon-circle-add"
          onClick={[Function]}
          priority="primary"
          size="small"
          title={undefined}
        >
          Create Team
        </Button>
      }
<<<<<<< HEAD
      title={
        <span>
          <span>
            project-slug
          </span>
          <span>
             Teams
          </span>
        </span>
      }
=======
      title="Teams"
>>>>>>> use spacing functions that add unitless numbers
    />
    <Panel>
      <PanelHeader
        hasButtons={true}
      >
        <div>
          Team
        </div>
        <div>
          <DropdownAutoComplete
            alignMenu="right"
            items={
              Array [
                Object {
<<<<<<< HEAD
                  "label": <TeamDropdownElement>
                    #
                    team-slug-2
                  </TeamDropdownElement>,
=======
                  "label": <div
                    className="css-2q47zj-styles"
                  >
                    #
                    team-slug-2
                  </div>,
>>>>>>> use spacing functions that add unitless numbers
                  "searchKey": "team-slug-2",
                  "value": "2",
                },
              ]
            }
            menuHeader={
              <StyledTeamsLabel>
                Teams
                <StyledCreateTeamLink
                  onClick={[Function]}
                >
                  Create Team
                </StyledCreateTeamLink>
              </StyledTeamsLabel>
            }
            onSelect={[Function]}
          />
        </div>
      </PanelHeader>
      <PanelBody
        direction="column"
        disablePadding={true}
        flex={false}
      >
        <TeamRow
          access={
            Set {
              "org:read",
              "org:write",
              "org:admin",
              "project:read",
              "project:write",
              "project:admin",
              "team:read",
              "team:write",
              "team:admin",
            }
          }
          key="1"
          onRemove={[Function]}
          orgId="org-slug"
          projectId="project-slug"
          team={
            Object {
              "id": "1",
              "name": "Team Name",
              "slug": "team-slug",
            }
          }
          teamCount={1}
        />
      </PanelBody>
    </Panel>
  </div>
</SideEffect(DocumentTitle)>
`;
<<<<<<< HEAD
=======
exports[`ProjectTeams renders 1`] = `""`;
>>>>>>> second commit
=======
>>>>>>> use spacing functions that add unitless numbers
