// Jest Snapshot v1, https://goo.gl/fbAQLP

exports[`ProjectEnvironments render active renders empty message 1`] = `
<<<<<<< HEAD
=======
.glamor-4 {
  font-size: 14px;
  box-shadow: inset 0 -1px 0;
  margin: -20px 0 30px;
}

.glamor-2 {
  box-sizing: border-box;
  display: -webkit-box;
  display: -webkit-flex;
  display: -ms-flexbox;
  display: flex;
  -webkit-align-items: center;
  -webkit-box-align: center;
  -ms-flex-align: center;
  align-items: center;
}

.glamor-0 {
  font-size: 20px;
  font-weight: bold;
  margin: 20px 0;
  -webkit-flex: 1;
  -ms-flex: 1;
  flex: 1;
}

.glamor-16 {
  background: #fff;
  border: 1px solid;
  margin-bottom: NaNpx;
  position: relative;
}

.glamor-10 {
  font-size: 13px;
  font-weight: 600;
  text-transform: uppercase;
  border-bottom: 1px solid;
  border-radius: 0 0;
  line-height: 1;
  padding-top: 16px;
  padding-bottom: 16px;
  padding-left: 16px;
  padding-right: 16px;
}

.glamor-7 {
  box-sizing: border-box;
  display: -webkit-box;
  display: -webkit-flex;
  display: -ms-flexbox;
  display: flex;
  -webkit-align-items: center;
  -webkit-box-align: center;
  -ms-flex-align: center;
  align-items: center;
  -webkit-box-pack: justify;
  -webkit-justify-content: space-between;
  -ms-flex-pack: justify;
  justify-content: space-between;
  font-size: 13px;
  font-weight: 600;
  text-transform: uppercase;
  border-bottom: 1px solid;
  border-radius: 0 0;
  line-height: 1;
  padding-top: 16px;
  padding-bottom: 16px;
  padding-left: 16px;
  padding-right: 16px;
}

.glamor-14 {
  display: -webkit-box;
  display: -webkit-flex;
  display: -ms-flexbox;
  display: flex;
  -webkit-align-items: center;
  -webkit-box-align: center;
  -ms-flex-align: center;
  align-items: center;
  -webkit-flex-direction: column;
  -ms-flex-direction: column;
  flex-direction: column;
  padding: NaNpx;
  font-weight: bold;
}

>>>>>>> second commit
<ProjectEnvironments
  params={
    Object {
      "orgId": "org-slug",
      "projectId": "project-slug",
    }
  }
  route={
    Object {
      "path": "environments/",
    }
  }
  routes={Array []}
>
  <div>
    <SettingsPageHeading
      tabs={
        <ul
          className="nav nav-tabs"
          style={
            Object {
              "borderBottom": "1px solid #ddd",
            }
          }
        >
          <ListLink
            activeClassName="active"
            index={true}
            isActive={[Function]}
            to="/org-slug/project-slug/settings/environments/"
          >
            Environments
          </ListLink>
          <ListLink
            activeClassName="active"
            index={true}
            isActive={[Function]}
            to="/org-slug/project-slug/settings/environments/hidden/"
          >
            Hidden
          </ListLink>
        </ul>
      }
      title="Manage Environments"
    >
      <Wrapper
        tabs={
          <ul
            className="nav nav-tabs"
            style={
              Object {
                "borderBottom": "1px solid #ddd",
              }
            }
          >
            <ListLink
              activeClassName="active"
              index={true}
              isActive={[Function]}
              to="/org-slug/project-slug/settings/environments/"
            >
              Environments
            </ListLink>
            <ListLink
              activeClassName="active"
              index={true}
              isActive={[Function]}
              to="/org-slug/project-slug/settings/environments/hidden/"
            >
              Hidden
            </ListLink>
          </ul>
        }
      >
        <div
          className="css-foidy-Wrapper css-17jmgia0"
        >
          <Flex
            align="center"
          >
            <Base
              align="center"
              className="css-5ipae5"
            >
              <div
                className="css-5ipae5"
                is={null}
              >
                <Title>
                  <div
                    className="css-zmdcxu-Title css-17jmgia1"
                  >
                    Manage Environments
                  </div>
                </Title>
              </div>
            </Base>
          </Flex>
          <div>
            <ul
              className="nav nav-tabs"
              style={
                Object {
                  "borderBottom": "1px solid #ddd",
                }
              }
            >
              <ListLink
                activeClassName="active"
                index={true}
                isActive={[Function]}
                to="/org-slug/project-slug/settings/environments/"
              >
                <li
                  className="active"
                >
                  <Link
                    onlyActiveOnIndex={true}
                    style={Object {}}
                    to="/org-slug/project-slug/settings/environments/"
                  >
                    <a
                      onClick={[Function]}
                      style={Object {}}
                    >
                      Environments
                    </a>
                  </Link>
                </li>
              </ListLink>
              <ListLink
                activeClassName="active"
                index={true}
                isActive={[Function]}
                to="/org-slug/project-slug/settings/environments/hidden/"
              >
                <li
                  className=""
                >
                  <Link
                    onlyActiveOnIndex={true}
                    style={Object {}}
                    to="/org-slug/project-slug/settings/environments/hidden/"
                  >
                    <a
                      onClick={[Function]}
                      style={Object {}}
                    >
                      Hidden
                    </a>
                  </Link>
                </li>
              </ListLink>
            </ul>
          </div>
        </div>
      </Wrapper>
    </SettingsPageHeading>
    <Panel>
      <StyledPanel>
        <div
          className="css-wfa8ap-StyledPanel css-5bw71w0"
        >
          <PanelHeader>
            <StyledPanelHeader>
              <Component
                className="css-wxaapd-StyledPanelHeader css-zott9u0"
              >
                <Flex
                  align="center"
                  className="css-wxaapd-StyledPanelHeader css-zott9u0"
                  justify="space-between"
                >
                  <Base
                    align="center"
                    className="css-zott9u0 css-1qscict"
                    justify="space-between"
                  >
                    <div
                      className="css-zott9u0 css-1qscict"
                      is={null}
                    >
                      Active Environments
                    </div>
                  </Base>
                </Flex>
              </Component>
            </StyledPanelHeader>
          </PanelHeader>
          <PanelBody
            direction="column"
            disablePadding={true}
            flex={false}
          >
            <div
              className=""
            >
              <EmptyMessage>
                <Wrapper>
                  <div
                    className="css-1v9jb7c-Wrapper css-toum0v0"
                  >
                    <div
                      className="ref-message"
                    >
                      You don't have any environments yet.
                    </div>
                  </div>
                </Wrapper>
              </EmptyMessage>
            </div>
          </PanelBody>
        </div>
      </StyledPanel>
    </Panel>
  </div>
</ProjectEnvironments>
`;

exports[`ProjectEnvironments render active renders environment list 1`] = `
<<<<<<< HEAD
=======
.glamor-4 {
  font-size: 14px;
  box-shadow: inset 0 -1px 0;
  margin: -20px 0 30px;
}

.glamor-2 {
  box-sizing: border-box;
  display: -webkit-box;
  display: -webkit-flex;
  display: -ms-flexbox;
  display: flex;
  -webkit-align-items: center;
  -webkit-box-align: center;
  -ms-flex-align: center;
  align-items: center;
}

.glamor-0 {
  font-size: 20px;
  font-weight: bold;
  margin: 20px 0;
  -webkit-flex: 1;
  -ms-flex: 1;
  flex: 1;
}

.glamor-26 {
  background: #fff;
  border: 1px solid;
  margin-bottom: NaNpx;
  position: relative;
}

.glamor-10 {
  font-size: 13px;
  font-weight: 600;
  text-transform: uppercase;
  border-bottom: 1px solid;
  border-radius: 0 0;
  line-height: 1;
  padding-top: 16px;
  padding-bottom: 16px;
  padding-left: 16px;
  padding-right: 16px;
}

.glamor-7 {
  box-sizing: border-box;
  display: -webkit-box;
  display: -webkit-flex;
  display: -ms-flexbox;
  display: flex;
  -webkit-align-items: center;
  -webkit-box-align: center;
  -ms-flex-align: center;
  align-items: center;
  -webkit-box-pack: justify;
  -webkit-justify-content: space-between;
  -ms-flex-pack: justify;
  justify-content: space-between;
  font-size: 13px;
  font-weight: 600;
  text-transform: uppercase;
  border-bottom: 1px solid;
  border-radius: 0 0;
  line-height: 1;
  padding-top: 16px;
  padding-bottom: 16px;
  padding-left: 16px;
  padding-right: 16px;
}

.glamor-16 {
  box-sizing: border-box;
  padding: 16px;
  display: -webkit-box;
  display: -webkit-flex;
  display: -ms-flexbox;
  display: flex;
  -webkit-align-items: center;
  -webkit-box-align: center;
  -ms-flex-align: center;
  align-items: center;
  -webkit-box-pack: justify;
  -webkit-justify-content: space-between;
  -ms-flex-pack: justify;
  justify-content: space-between;
  border-bottom: 1px solid;
}

.glamor-16:last-child {
  border: 0;
}

>>>>>>> second commit
<ProjectEnvironments
  params={
    Object {
      "orgId": "org-slug",
      "projectId": "project-slug",
    }
  }
  route={
    Object {
      "path": "environments/",
    }
  }
  routes={Array []}
>
  <div>
    <SettingsPageHeading
      tabs={
        <ul
          className="nav nav-tabs"
          style={
            Object {
              "borderBottom": "1px solid #ddd",
            }
          }
        >
          <ListLink
            activeClassName="active"
            index={true}
            isActive={[Function]}
            to="/org-slug/project-slug/settings/environments/"
          >
            Environments
          </ListLink>
          <ListLink
            activeClassName="active"
            index={true}
            isActive={[Function]}
            to="/org-slug/project-slug/settings/environments/hidden/"
          >
            Hidden
          </ListLink>
        </ul>
      }
      title="Manage Environments"
    >
      <Wrapper
        tabs={
          <ul
            className="nav nav-tabs"
            style={
              Object {
                "borderBottom": "1px solid #ddd",
              }
            }
          >
            <ListLink
              activeClassName="active"
              index={true}
              isActive={[Function]}
              to="/org-slug/project-slug/settings/environments/"
            >
              Environments
            </ListLink>
            <ListLink
              activeClassName="active"
              index={true}
              isActive={[Function]}
              to="/org-slug/project-slug/settings/environments/hidden/"
            >
              Hidden
            </ListLink>
          </ul>
        }
      >
        <div
          className="css-foidy-Wrapper css-17jmgia0"
        >
          <Flex
            align="center"
          >
            <Base
              align="center"
              className="css-5ipae5"
            >
              <div
                className="css-5ipae5"
                is={null}
              >
                <Title>
                  <div
                    className="css-zmdcxu-Title css-17jmgia1"
                  >
                    Manage Environments
                  </div>
                </Title>
              </div>
            </Base>
          </Flex>
          <div>
            <ul
              className="nav nav-tabs"
              style={
                Object {
                  "borderBottom": "1px solid #ddd",
                }
              }
            >
              <ListLink
                activeClassName="active"
                index={true}
                isActive={[Function]}
                to="/org-slug/project-slug/settings/environments/"
              >
                <li
                  className="active"
                >
                  <Link
                    onlyActiveOnIndex={true}
                    style={Object {}}
                    to="/org-slug/project-slug/settings/environments/"
                  >
                    <a
                      onClick={[Function]}
                      style={Object {}}
                    >
                      Environments
                    </a>
                  </Link>
                </li>
              </ListLink>
              <ListLink
                activeClassName="active"
                index={true}
                isActive={[Function]}
                to="/org-slug/project-slug/settings/environments/hidden/"
              >
                <li
                  className=""
                >
                  <Link
                    onlyActiveOnIndex={true}
                    style={Object {}}
                    to="/org-slug/project-slug/settings/environments/hidden/"
                  >
                    <a
                      onClick={[Function]}
                      style={Object {}}
                    >
                      Hidden
                    </a>
                  </Link>
                </li>
              </ListLink>
            </ul>
          </div>
        </div>
      </Wrapper>
    </SettingsPageHeading>
    <Panel>
      <StyledPanel>
        <div
          className="css-wfa8ap-StyledPanel css-5bw71w0"
        >
          <PanelHeader>
            <StyledPanelHeader>
              <Component
                className="css-wxaapd-StyledPanelHeader css-zott9u0"
              >
                <Flex
                  align="center"
                  className="css-wxaapd-StyledPanelHeader css-zott9u0"
                  justify="space-between"
                >
                  <Base
                    align="center"
                    className="css-zott9u0 css-1qscict"
                    justify="space-between"
                  >
                    <div
                      className="css-zott9u0 css-1qscict"
                      is={null}
                    >
                      Active Environments
                    </div>
                  </Base>
                </Flex>
              </Component>
            </StyledPanelHeader>
          </PanelHeader>
          <PanelBody
            direction="column"
            disablePadding={true}
            flex={false}
          >
            <div
              className=""
            >
              <PanelItem
                align="center"
                justify="space-between"
                key="1"
                p={2}
              >
                <StyledPanelItem
                  align="center"
                  justify="space-between"
                  p={2}
                >
                  <Base
                    align="center"
                    className="css-1eebujh-StyledPanelItem css-q9h14u0"
                    justify="space-between"
                    p={2}
                  >
                    <div
                      className="css-1eebujh-StyledPanelItem css-q9h14u0"
                      is={null}
                    >
                      <span>
                        Production
                         
                        <code>
                          production
                        </code>
                      </span>
                      <Button
                        disabled={false}
                        onClick={[Function]}
                        size="xsmall"
                      >
                        <button
                          className="button button-default button-xs"
                          disabled={false}
                          onClick={[Function]}
                          role="button"
                        >
                          <Flex
                            align="center"
                            className="button-label"
                          >
                            <Base
                              align="center"
                              className="button-label css-5ipae5"
                            >
                              <div
                                className="button-label css-5ipae5"
                                is={null}
                              >
                                Hide
                              </div>
                            </Base>
                          </Flex>
                        </button>
                      </Button>
                    </div>
                  </Base>
                </StyledPanelItem>
              </PanelItem>
              <PanelItem
                align="center"
                justify="space-between"
                key="2"
                p={2}
              >
                <StyledPanelItem
                  align="center"
                  justify="space-between"
                  p={2}
                >
                  <Base
                    align="center"
                    className="css-1eebujh-StyledPanelItem css-q9h14u0"
                    justify="space-between"
                    p={2}
                  >
                    <div
                      className="css-1eebujh-StyledPanelItem css-q9h14u0"
                      is={null}
                    >
                      <span>
                        Staging
                         
                        <code>
                          staging
                        </code>
                      </span>
                      <Button
                        disabled={false}
                        onClick={[Function]}
                        size="xsmall"
                      >
                        <button
                          className="button button-default button-xs"
                          disabled={false}
                          onClick={[Function]}
                          role="button"
                        >
                          <Flex
                            align="center"
                            className="button-label"
                          >
                            <Base
                              align="center"
                              className="button-label css-5ipae5"
                            >
                              <div
                                className="button-label css-5ipae5"
                                is={null}
                              >
                                Hide
                              </div>
                            </Base>
                          </Flex>
                        </button>
                      </Button>
                    </div>
                  </Base>
                </StyledPanelItem>
              </PanelItem>
            </div>
          </PanelBody>
        </div>
      </StyledPanel>
    </Panel>
  </div>
</ProjectEnvironments>
`;

exports[`ProjectEnvironments render hidden renders empty message 1`] = `
<<<<<<< HEAD
=======
.glamor-4 {
  font-size: 14px;
  box-shadow: inset 0 -1px 0;
  margin: -20px 0 30px;
}

.glamor-2 {
  box-sizing: border-box;
  display: -webkit-box;
  display: -webkit-flex;
  display: -ms-flexbox;
  display: flex;
  -webkit-align-items: center;
  -webkit-box-align: center;
  -ms-flex-align: center;
  align-items: center;
}

.glamor-0 {
  font-size: 20px;
  font-weight: bold;
  margin: 20px 0;
  -webkit-flex: 1;
  -ms-flex: 1;
  flex: 1;
}

.glamor-16 {
  background: #fff;
  border: 1px solid;
  margin-bottom: NaNpx;
  position: relative;
}

.glamor-10 {
  font-size: 13px;
  font-weight: 600;
  text-transform: uppercase;
  border-bottom: 1px solid;
  border-radius: 0 0;
  line-height: 1;
  padding-top: 16px;
  padding-bottom: 16px;
  padding-left: 16px;
  padding-right: 16px;
}

.glamor-7 {
  box-sizing: border-box;
  display: -webkit-box;
  display: -webkit-flex;
  display: -ms-flexbox;
  display: flex;
  -webkit-align-items: center;
  -webkit-box-align: center;
  -ms-flex-align: center;
  align-items: center;
  -webkit-box-pack: justify;
  -webkit-justify-content: space-between;
  -ms-flex-pack: justify;
  justify-content: space-between;
  font-size: 13px;
  font-weight: 600;
  text-transform: uppercase;
  border-bottom: 1px solid;
  border-radius: 0 0;
  line-height: 1;
  padding-top: 16px;
  padding-bottom: 16px;
  padding-left: 16px;
  padding-right: 16px;
}

.glamor-14 {
  display: -webkit-box;
  display: -webkit-flex;
  display: -ms-flexbox;
  display: flex;
  -webkit-align-items: center;
  -webkit-box-align: center;
  -ms-flex-align: center;
  align-items: center;
  -webkit-flex-direction: column;
  -ms-flex-direction: column;
  flex-direction: column;
  padding: NaNpx;
  font-weight: bold;
}

>>>>>>> second commit
<ProjectEnvironments
  params={
    Object {
      "orgId": "org-slug",
      "projectId": "project-slug",
    }
  }
  route={
    Object {
      "path": "environments/hidden/",
    }
  }
  routes={Array []}
>
  <div>
    <SettingsPageHeading
      tabs={
        <ul
          className="nav nav-tabs"
          style={
            Object {
              "borderBottom": "1px solid #ddd",
            }
          }
        >
          <ListLink
            activeClassName="active"
            index={true}
            isActive={[Function]}
            to="/org-slug/project-slug/settings/environments/"
          >
            Environments
          </ListLink>
          <ListLink
            activeClassName="active"
            index={true}
            isActive={[Function]}
            to="/org-slug/project-slug/settings/environments/hidden/"
          >
            Hidden
          </ListLink>
        </ul>
      }
      title="Manage Environments"
    >
      <Wrapper
        tabs={
          <ul
            className="nav nav-tabs"
            style={
              Object {
                "borderBottom": "1px solid #ddd",
              }
            }
          >
            <ListLink
              activeClassName="active"
              index={true}
              isActive={[Function]}
              to="/org-slug/project-slug/settings/environments/"
            >
              Environments
            </ListLink>
            <ListLink
              activeClassName="active"
              index={true}
              isActive={[Function]}
              to="/org-slug/project-slug/settings/environments/hidden/"
            >
              Hidden
            </ListLink>
          </ul>
        }
      >
        <div
          className="css-foidy-Wrapper css-17jmgia0"
        >
          <Flex
            align="center"
          >
            <Base
              align="center"
              className="css-5ipae5"
            >
              <div
                className="css-5ipae5"
                is={null}
              >
                <Title>
                  <div
                    className="css-zmdcxu-Title css-17jmgia1"
                  >
                    Manage Environments
                  </div>
                </Title>
              </div>
            </Base>
          </Flex>
          <div>
            <ul
              className="nav nav-tabs"
              style={
                Object {
                  "borderBottom": "1px solid #ddd",
                }
              }
            >
              <ListLink
                activeClassName="active"
                index={true}
                isActive={[Function]}
                to="/org-slug/project-slug/settings/environments/"
              >
                <li
                  className=""
                >
                  <Link
                    onlyActiveOnIndex={true}
                    style={Object {}}
                    to="/org-slug/project-slug/settings/environments/"
                  >
                    <a
                      onClick={[Function]}
                      style={Object {}}
                    >
                      Environments
                    </a>
                  </Link>
                </li>
              </ListLink>
              <ListLink
                activeClassName="active"
                index={true}
                isActive={[Function]}
                to="/org-slug/project-slug/settings/environments/hidden/"
              >
                <li
                  className="active"
                >
                  <Link
                    onlyActiveOnIndex={true}
                    style={Object {}}
                    to="/org-slug/project-slug/settings/environments/hidden/"
                  >
                    <a
                      onClick={[Function]}
                      style={Object {}}
                    >
                      Hidden
                    </a>
                  </Link>
                </li>
              </ListLink>
            </ul>
          </div>
        </div>
      </Wrapper>
    </SettingsPageHeading>
    <Panel>
      <StyledPanel>
        <div
          className="css-wfa8ap-StyledPanel css-5bw71w0"
        >
          <PanelHeader>
            <StyledPanelHeader>
              <Component
                className="css-wxaapd-StyledPanelHeader css-zott9u0"
              >
                <Flex
                  align="center"
                  className="css-wxaapd-StyledPanelHeader css-zott9u0"
                  justify="space-between"
                >
                  <Base
                    align="center"
                    className="css-zott9u0 css-1qscict"
                    justify="space-between"
                  >
                    <div
                      className="css-zott9u0 css-1qscict"
                      is={null}
                    >
                      Hidden
                    </div>
                  </Base>
                </Flex>
              </Component>
            </StyledPanelHeader>
          </PanelHeader>
          <PanelBody
            direction="column"
            disablePadding={true}
            flex={false}
          >
            <div
              className=""
            >
              <EmptyMessage>
                <Wrapper>
                  <div
                    className="css-1v9jb7c-Wrapper css-toum0v0"
                  >
                    <div
                      className="ref-message"
                    >
                      You don't have any hidden environments.
                    </div>
                  </div>
                </Wrapper>
              </EmptyMessage>
            </div>
          </PanelBody>
        </div>
      </StyledPanel>
    </Panel>
  </div>
</ProjectEnvironments>
`;

exports[`ProjectEnvironments render hidden renders environment list 1`] = `
<<<<<<< HEAD
=======
.glamor-4 {
  font-size: 14px;
  box-shadow: inset 0 -1px 0;
  margin: -20px 0 30px;
}

.glamor-2 {
  box-sizing: border-box;
  display: -webkit-box;
  display: -webkit-flex;
  display: -ms-flexbox;
  display: flex;
  -webkit-align-items: center;
  -webkit-box-align: center;
  -ms-flex-align: center;
  align-items: center;
}

.glamor-0 {
  font-size: 20px;
  font-weight: bold;
  margin: 20px 0;
  -webkit-flex: 1;
  -ms-flex: 1;
  flex: 1;
}

.glamor-20 {
  background: #fff;
  border: 1px solid;
  margin-bottom: NaNpx;
  position: relative;
}

.glamor-10 {
  font-size: 13px;
  font-weight: 600;
  text-transform: uppercase;
  border-bottom: 1px solid;
  border-radius: 0 0;
  line-height: 1;
  padding-top: 16px;
  padding-bottom: 16px;
  padding-left: 16px;
  padding-right: 16px;
}

.glamor-7 {
  box-sizing: border-box;
  display: -webkit-box;
  display: -webkit-flex;
  display: -ms-flexbox;
  display: flex;
  -webkit-align-items: center;
  -webkit-box-align: center;
  -ms-flex-align: center;
  align-items: center;
  -webkit-box-pack: justify;
  -webkit-justify-content: space-between;
  -ms-flex-pack: justify;
  justify-content: space-between;
  font-size: 13px;
  font-weight: 600;
  text-transform: uppercase;
  border-bottom: 1px solid;
  border-radius: 0 0;
  line-height: 1;
  padding-top: 16px;
  padding-bottom: 16px;
  padding-left: 16px;
  padding-right: 16px;
}

.glamor-16 {
  box-sizing: border-box;
  padding: 16px;
  display: -webkit-box;
  display: -webkit-flex;
  display: -ms-flexbox;
  display: flex;
  -webkit-align-items: center;
  -webkit-box-align: center;
  -ms-flex-align: center;
  align-items: center;
  -webkit-box-pack: justify;
  -webkit-justify-content: space-between;
  -ms-flex-pack: justify;
  justify-content: space-between;
  border-bottom: 1px solid;
}

.glamor-16:last-child {
  border: 0;
}

>>>>>>> second commit
<ProjectEnvironments
  params={
    Object {
      "orgId": "org-slug",
      "projectId": "project-slug",
    }
  }
  route={
    Object {
      "path": "environments/hidden/",
    }
  }
  routes={Array []}
>
  <div>
    <SettingsPageHeading
      tabs={
        <ul
          className="nav nav-tabs"
          style={
            Object {
              "borderBottom": "1px solid #ddd",
            }
          }
        >
          <ListLink
            activeClassName="active"
            index={true}
            isActive={[Function]}
            to="/org-slug/project-slug/settings/environments/"
          >
            Environments
          </ListLink>
          <ListLink
            activeClassName="active"
            index={true}
            isActive={[Function]}
            to="/org-slug/project-slug/settings/environments/hidden/"
          >
            Hidden
          </ListLink>
        </ul>
      }
      title="Manage Environments"
    >
      <Wrapper
        tabs={
          <ul
            className="nav nav-tabs"
            style={
              Object {
                "borderBottom": "1px solid #ddd",
              }
            }
          >
            <ListLink
              activeClassName="active"
              index={true}
              isActive={[Function]}
              to="/org-slug/project-slug/settings/environments/"
            >
              Environments
            </ListLink>
            <ListLink
              activeClassName="active"
              index={true}
              isActive={[Function]}
              to="/org-slug/project-slug/settings/environments/hidden/"
            >
              Hidden
            </ListLink>
          </ul>
        }
      >
        <div
          className="css-foidy-Wrapper css-17jmgia0"
        >
          <Flex
            align="center"
          >
            <Base
              align="center"
              className="css-5ipae5"
            >
              <div
                className="css-5ipae5"
                is={null}
              >
                <Title>
                  <div
                    className="css-zmdcxu-Title css-17jmgia1"
                  >
                    Manage Environments
                  </div>
                </Title>
              </div>
            </Base>
          </Flex>
          <div>
            <ul
              className="nav nav-tabs"
              style={
                Object {
                  "borderBottom": "1px solid #ddd",
                }
              }
            >
              <ListLink
                activeClassName="active"
                index={true}
                isActive={[Function]}
                to="/org-slug/project-slug/settings/environments/"
              >
                <li
                  className=""
                >
                  <Link
                    onlyActiveOnIndex={true}
                    style={Object {}}
                    to="/org-slug/project-slug/settings/environments/"
                  >
                    <a
                      onClick={[Function]}
                      style={Object {}}
                    >
                      Environments
                    </a>
                  </Link>
                </li>
              </ListLink>
              <ListLink
                activeClassName="active"
                index={true}
                isActive={[Function]}
                to="/org-slug/project-slug/settings/environments/hidden/"
              >
                <li
                  className="active"
                >
                  <Link
                    onlyActiveOnIndex={true}
                    style={Object {}}
                    to="/org-slug/project-slug/settings/environments/hidden/"
                  >
                    <a
                      onClick={[Function]}
                      style={Object {}}
                    >
                      Hidden
                    </a>
                  </Link>
                </li>
              </ListLink>
            </ul>
          </div>
        </div>
      </Wrapper>
    </SettingsPageHeading>
    <Panel>
      <StyledPanel>
        <div
          className="css-wfa8ap-StyledPanel css-5bw71w0"
        >
          <PanelHeader>
            <StyledPanelHeader>
              <Component
                className="css-wxaapd-StyledPanelHeader css-zott9u0"
              >
                <Flex
                  align="center"
                  className="css-wxaapd-StyledPanelHeader css-zott9u0"
                  justify="space-between"
                >
                  <Base
                    align="center"
                    className="css-zott9u0 css-1qscict"
                    justify="space-between"
                  >
                    <div
                      className="css-zott9u0 css-1qscict"
                      is={null}
                    >
                      Hidden
                    </div>
                  </Base>
                </Flex>
              </Component>
            </StyledPanelHeader>
          </PanelHeader>
          <PanelBody
            direction="column"
            disablePadding={true}
            flex={false}
          >
            <div
              className=""
            >
              <PanelItem
                align="center"
                justify="space-between"
                key="1"
                p={2}
              >
                <StyledPanelItem
                  align="center"
                  justify="space-between"
                  p={2}
                >
                  <Base
                    align="center"
                    className="css-1eebujh-StyledPanelItem css-q9h14u0"
                    justify="space-between"
                    p={2}
                  >
                    <div
                      className="css-1eebujh-StyledPanelItem css-q9h14u0"
                      is={null}
                    >
                      <span>
                        Zzz
                         
                        <code>
                          zzz
                        </code>
                      </span>
                      <Button
                        disabled={false}
                        onClick={[Function]}
                        size="xsmall"
                      >
                        <button
                          className="button button-default button-xs"
                          disabled={false}
                          onClick={[Function]}
                          role="button"
                        >
                          <Flex
                            align="center"
                            className="button-label"
                          >
                            <Base
                              align="center"
                              className="button-label css-5ipae5"
                            >
                              <div
                                className="button-label css-5ipae5"
                                is={null}
                              >
                                Show
                              </div>
                            </Base>
                          </Flex>
                        </button>
                      </Button>
                    </div>
                  </Base>
                </StyledPanelItem>
              </PanelItem>
            </div>
          </PanelBody>
        </div>
      </StyledPanel>
    </Panel>
  </div>
</ProjectEnvironments>
`;
