// Jest Snapshot v1, https://goo.gl/fbAQLP

exports[`CreateProject render() should render loading 1`] = `
<div>
  <SettingsPageHeading
    title="Add Member to Organization"
  />
  <TextBlock>
    Invite a member to join this organization via their email address. If they do not already have an account, they will first be asked to create one. Multiple emails delimited by commas.
  </TextBlock>
  <LoadingIndicator />
</div>
`;

<<<<<<< HEAD
<<<<<<< HEAD
exports[
  `CreateProject render() should render roles when available and allowed, and handle submitting 1`
] = `
=======
exports[`CreateProject render() should render roles when available and allowed, and handle submitting 1`] = `
=======
exports[
  `CreateProject render() should render roles when available and allowed, and handle submitting 1`
] = `
>>>>>>> use spacing functions that add unitless numbers
.glamor-4 {
  font-size: 14px;
  box-shadow: inset 0 -1px 0;
  margin: -20px 0 30px;
}

.glamor-2 {
  box-sizing: border-box;
  display: -webkit-box;
  display: -webkit-flex;
  display: -ms-flexbox;
  display: flex;
  -webkit-align-items: center;
  -webkit-box-align: center;
  -ms-flex-align: center;
  align-items: center;
}

.glamor-0 {
  font-size: 20px;
  font-weight: bold;
  margin: 20px 0;
  -webkit-flex: 1;
  -ms-flex: 1;
  flex: 1;
}

.glamor-6 {
  line-height: 1.5;
  margin-bottom: 30px;
}

.glamor-22 {
  margin-bottom: 0;
}

.glamor-44 {
  background: #fff;
  border: 1px solid;
  margin-bottom: NaNpx;
  position: relative;
}

.glamor-14 {
  font-size: 13px;
  font-weight: 600;
  text-transform: uppercase;
  border-bottom: 1px solid;
  border-radius: 0 0;
  line-height: 1;
  padding: 10px;
}

.glamor-11 {
  box-sizing: border-box;
  display: -webkit-box;
  display: -webkit-flex;
  display: -ms-flexbox;
  display: flex;
  -webkit-align-items: center;
  -webkit-box-align: center;
  -ms-flex-align: center;
  align-items: center;
  -webkit-box-pack: justify;
  -webkit-justify-content: space-between;
  -ms-flex-pack: justify;
  justify-content: space-between;
  font-size: 13px;
  font-weight: 600;
  text-transform: uppercase;
  border-bottom: 1px solid;
  border-radius: 0 0;
  line-height: 1;
  padding: 10px;
}

.glamor-25 {
  box-sizing: border-box;
  padding: 16px;
  display: -webkit-box;
  display: -webkit-flex;
  display: -ms-flexbox;
  display: flex;
  border-bottom: 1px solid;
}

.glamor-25:last-child {
  border: 0;
}

.glamor-23 {
  display: -webkit-box;
  display: -webkit-flex;
  display: -ms-flexbox;
  display: flex;
  -webkit-flex: 1;
  -ms-flex: 1;
  flex: 1;
  -webkit-align-items: center;
  -webkit-box-align: center;
  -ms-flex-align: center;
  align-items: center;
  margin-bottom: 0;
}

.glamor-18 {
  line-height: 1.5;
  margin-bottom: 30px;
  margin-bottom: 0;
}

.glamor-62 {
  -webkit-flex-wrap: wrap;
  -ms-flex-wrap: wrap;
  flex-wrap: wrap;
}

.glamor-58 {
  box-sizing: border-box;
  padding: 16px;
  display: -webkit-box;
  display: -webkit-flex;
  display: -ms-flexbox;
  display: flex;
  border-bottom: 1px solid;
  -webkit-flex-wrap: wrap;
  -ms-flex-wrap: wrap;
  flex-wrap: wrap;
}

.glamor-58:last-child {
  border: 0;
}

.glamor-54 {
  width: 25%;
  padding: 6px;
}

>>>>>>> second commit
<InviteMember
  location={
    Object {
      "query": Object {},
    }
  }
  params={
    Object {
      "orgId": "testOrg",
    }
  }
>
  <div>
    <SettingsPageHeading
      title="Add Member to Organization"
    >
      <Wrapper>
        <div
          className="css-foidy-Wrapper css-17jmgia0"
        >
          <Flex
            align="center"
          >
            <Base
              align="center"
              className="css-5ipae5"
            >
              <div
                className="css-5ipae5"
                is={null}
              >
                <Title>
                  <div
                    className="css-zmdcxu-Title css-17jmgia1"
                  >
                    Add Member to Organization
                  </div>
                </Title>
              </div>
            </Base>
          </Flex>
        </div>
      </Wrapper>
    </SettingsPageHeading>
    <TextBlock>
      <Component
        className="css-ms59cf-TextBlock css-1gwew8k0"
      >
        <div
          className="css-ms59cf-TextBlock css-1gwew8k0"
        >
          Invite a member to join this organization via their email address. If they do not already have an account, they will first be asked to create one. Multiple emails delimited by commas.
        </div>
      </Component>
    </TextBlock>
    <div>
      <div
        className=""
      >
        <TextField
          disabled={false}
          hideErrorMessage={false}
          label="Email(s)"
          name="email"
          onChange={[Function]}
          placeholder="e.g. teammate@example.com"
          required={false}
          spellCheck="false"
        >
          <div
            className="control-group"
          >
            <div
              className="controls"
            >
              <label
                className="control-label"
                htmlFor="id-email"
              >
                Email(s)
              </label>
              <input
                className="form-control"
                disabled={false}
                id="id-email"
                name="email"
                onChange={[Function]}
                placeholder="e.g. teammate@example.com"
                required={false}
                spellCheck="false"
                type="text"
                value=""
              />
            </div>
          </div>
        </TextField>
      </div>
      <RoleSelect
        enforceAllowed={true}
        roleList={
          Array [
            Object {
              "allowed": true,
              "desc": "a normal member",
              "id": "1",
              "name": "member",
            },
            Object {
              "allowed": true,
              "desc": "another role",
              "id": "2",
              "name": "bar",
            },
          ]
        }
        selectedRole="member"
        setRole={[Function]}
      >
        <Panel
          className="new-invite-team"
        >
          <StyledPanel
            className="new-invite-team"
          >
            <div
              className="new-invite-team css-wfa8ap-StyledPanel css-5bw71w0"
            >
              <PanelHeader>
                <StyledPanelHeader>
                  <Component
                    className="css-wxaapd-StyledPanelHeader css-zott9u0"
                  >
                    <Flex
                      align="center"
                      className="css-wxaapd-StyledPanelHeader css-zott9u0"
                      justify="space-between"
                    >
                      <Base
                        align="center"
                        className="css-zott9u0 css-1qscict"
                        justify="space-between"
                      >
                        <div
                          className="css-zott9u0 css-1qscict"
                          is={null}
                        >
                          Role
                        </div>
                      </Base>
                    </Flex>
                  </Component>
                </StyledPanelHeader>
              </PanelHeader>
              <PanelBody
                direction="column"
                disablePadding={true}
                flex={false}
              >
                <div
                  className=""
                >
                  <PanelItem
                    className="css-0"
                    key="1"
                    onClick={[Function]}
                    p={2}
                  >
                    <StyledPanelItem
                      className="css-0"
                      onClick={[Function]}
                      p={2}
                    >
                      <Base
                        className="css-11r4q5-StyledPanelItem css-q9h14u0"
                        onClick={[Function]}
                        p={2}
                      >
                        <div
                          className="css-11r4q5-StyledPanelItem css-q9h14u0"
                          is={null}
                          onClick={[Function]}
                        >
                          <Label>
                            <label
                              className="css-r8kahz-Label css-ydltot0"
                            >
                              <Radio
                                checked={false}
                                id="1"
                                readOnly={true}
                                style={
                                  Object {
                                    "margin": 0,
                                  }
                                }
                                value="member"
                              >
                                <input
                                  checked={false}
                                  className="radio-select"
                                  id="1"
                                  readOnly={true}
                                  style={
                                    Object {
                                      "margin": 0,
                                    }
                                  }
                                  type="radio"
                                  value="member"
                                />
                              </Radio>
                              <div
                                style={
                                  Object {
                                    "flex": 1,
                                    "padding": "0 16px",
                                  }
                                }
                              >
                                member
                                <TextBlock
                                  className="css-gx0lhm"
                                >
                                  <Component
                                    className="css-b3mf8s-TextBlock css-1gwew8k0"
                                  >
                                    <div
                                      className="css-b3mf8s-TextBlock css-1gwew8k0"
                                    >
                                      <div
                                        className="help-block"
                                      >
                                        a normal member
                                      </div>
                                    </div>
                                  </Component>
                                </TextBlock>
                              </div>
                            </label>
                          </Label>
                        </div>
                      </Base>
                    </StyledPanelItem>
                  </PanelItem>
                  <PanelItem
                    className="css-0"
                    key="2"
                    onClick={[Function]}
                    p={2}
                  >
                    <StyledPanelItem
                      className="css-0"
                      onClick={[Function]}
                      p={2}
                    >
                      <Base
                        className="css-11r4q5-StyledPanelItem css-q9h14u0"
                        onClick={[Function]}
                        p={2}
                      >
                        <div
                          className="css-11r4q5-StyledPanelItem css-q9h14u0"
                          is={null}
                          onClick={[Function]}
                        >
                          <Label>
                            <label
                              className="css-r8kahz-Label css-ydltot0"
                            >
                              <Radio
                                checked={false}
                                id="2"
                                readOnly={true}
                                style={
                                  Object {
                                    "margin": 0,
                                  }
                                }
                                value="bar"
                              >
                                <input
                                  checked={false}
                                  className="radio-select"
                                  id="2"
                                  readOnly={true}
                                  style={
                                    Object {
                                      "margin": 0,
                                    }
                                  }
                                  type="radio"
                                  value="bar"
                                />
                              </Radio>
                              <div
                                style={
                                  Object {
                                    "flex": 1,
                                    "padding": "0 16px",
                                  }
                                }
                              >
                                bar
                                <TextBlock
                                  className="css-gx0lhm"
                                >
                                  <Component
                                    className="css-b3mf8s-TextBlock css-1gwew8k0"
                                  >
                                    <div
                                      className="css-b3mf8s-TextBlock css-1gwew8k0"
                                    >
                                      <div
                                        className="help-block"
                                      >
                                        another role
                                      </div>
                                    </div>
                                  </Component>
                                </TextBlock>
                              </div>
                            </label>
                          </Label>
                        </div>
                      </Base>
                    </StyledPanelItem>
                  </PanelItem>
                </div>
              </PanelBody>
            </div>
          </StyledPanel>
        </Panel>
      </RoleSelect>
      <TeamSelect
        selectedTeams={
          Set {
            "bar",
          }
        }
        teams={
          Array [
            Object {
              "hasAccess": true,
              "id": "1",
              "name": "bar",
              "slug": "bar",
            },
            Object {
              "hasAccess": false,
              "id": "2",
              "name": "foo",
              "slug": "foo",
            },
          ]
        }
        toggleTeam={[Function]}
      >
        <Panel
          className="new-invite-team"
        >
          <StyledPanel
            className="new-invite-team"
          >
            <div
              className="new-invite-team css-wfa8ap-StyledPanel css-5bw71w0"
            >
              <PanelHeader>
                <StyledPanelHeader>
                  <Component
                    className="css-wxaapd-StyledPanelHeader css-zott9u0"
                  >
                    <Flex
                      align="center"
                      className="css-wxaapd-StyledPanelHeader css-zott9u0"
                      justify="space-between"
                    >
                      <Base
                        align="center"
                        className="css-zott9u0 css-1qscict"
                        justify="space-between"
                      >
                        <div
                          className="css-zott9u0 css-1qscict"
                          is={null}
                        >
                          Team
                        </div>
                      </Base>
                    </Flex>
                  </Component>
                </StyledPanelHeader>
              </PanelHeader>
              <PanelBody
                className="grouping-controls team-choices"
                direction="column"
                disablePadding={true}
                flex={false}
              >
                <div
                  className="grouping-controls team-choices"
                >
                  <PanelItem
                    className="css-1jkp9i7"
                    p={2}
                  >
                    <StyledPanelItem
                      className="css-1jkp9i7"
                      p={2}
                    >
                      <Base
                        className="css-13vowjc-StyledPanelItem css-q9h14u0"
                        p={2}
                      >
                        <div
                          className="css-13vowjc-StyledPanelItem css-q9h14u0"
                          is={null}
                        >
                          <TeamItem
                            key="bar"
                          >
                            <div
                              className="css-16v1fbz-TeamItem css-114hxzd0"
                            >
                              <label
                                className="checkbox"
                              >
                                <Checkbox
                                  checked={false}
                                  id="bar"
                                  onChange={[Function]}
                                >
                                  <input
                                    checked={false}
                                    className="chk-select"
                                    id="bar"
                                    onChange={[Function]}
                                    type="checkbox"
                                  />
                                </Checkbox>
                                <span>
                                  bar
                                </span>
                                <span
                                  className="team-slug"
                                >
                                  bar
                                </span>
                              </label>
                            </div>
                          </TeamItem>
                          <TeamItem
                            key="foo"
                          >
                            <div
                              className="css-16v1fbz-TeamItem css-114hxzd0"
                            >
                              <label
                                className="checkbox"
                              >
                                <Checkbox
                                  checked={false}
                                  id="foo"
                                  onChange={[Function]}
                                >
                                  <input
                                    checked={false}
                                    className="chk-select"
                                    id="foo"
                                    onChange={[Function]}
                                    type="checkbox"
                                  />
                                </Checkbox>
                                <span>
                                  foo
                                </span>
                                <span
                                  className="team-slug"
                                >
                                  foo
                                </span>
                              </label>
                            </div>
                          </TeamItem>
                        </div>
                      </Base>
                    </StyledPanelItem>
                  </PanelItem>
                </div>
              </PanelBody>
            </div>
          </StyledPanel>
        </Panel>
      </TeamSelect>
      <Button
        busy={false}
        className="invite-member-submit"
        disabled={false}
        onClick={[Function]}
        priority="primary"
      >
        <button
          className="invite-member-submit button button-primary"
          disabled={false}
          onClick={[Function]}
          role="button"
        >
          <Flex
            align="center"
            className="button-label"
          >
            <Base
              align="center"
              className="button-label css-5ipae5"
            >
              <div
                className="button-label css-5ipae5"
                is={null}
              >
                Add Member
              </div>
            </Base>
          </Flex>
        </button>
      </Button>
    </div>
  </div>
</InviteMember>
`;

exports[`CreateProject render() should use invite/add language based on config 1`] = `
<TextBlock>
  You may add a user by their username if they already have an account. Multiple inputs delimited by commas.
</TextBlock>
`;
